Archive member included to satisfy reference by file (symbol)

/opt/devkitpro/devkitARM/lib/gcc/arm-none-eabi/6.3.0/../../../../arm-none-eabi/lib/thumb/libg.a(lib_a-init.o)
                              /opt/devkitpro/devkitARM/lib/gcc/arm-none-eabi/6.3.0/../../../../arm-none-eabi/lib/thumb/gba_crt0.o (__libc_init_array)
/opt/devkitpro/devkitARM/lib/gcc/arm-none-eabi/6.3.0/../../../../arm-none-eabi/lib/thumb/libg.a(lib_a-memcpy-stub.o)
                              menu.o (memcpy)
/opt/devkitpro/devkitARM/lib/gcc/arm-none-eabi/6.3.0/../../../../arm-none-eabi/lib/thumb/libg.a(lib_a-rand.o)
                              paddle.o (srand)
/opt/devkitpro/devkitARM/lib/gcc/arm-none-eabi/6.3.0/../../../../arm-none-eabi/lib/thumb/libg.a(lib_a-sprintf.o)
                              game.o (sprintf)
/opt/devkitpro/devkitARM/lib/gcc/arm-none-eabi/6.3.0/../../../../arm-none-eabi/lib/thumb/libg.a(lib_a-svfprintf.o)
                              /opt/devkitpro/devkitARM/lib/gcc/arm-none-eabi/6.3.0/../../../../arm-none-eabi/lib/thumb/libg.a(lib_a-sprintf.o) (_svfprintf_r)
/opt/devkitpro/devkitARM/lib/gcc/arm-none-eabi/6.3.0/../../../../arm-none-eabi/lib/thumb/libg.a(lib_a-time.o)
                              paddle.o (time)
/opt/devkitpro/devkitARM/lib/gcc/arm-none-eabi/6.3.0/../../../../arm-none-eabi/lib/thumb/libg.a(lib_a-wcrtomb.o)
                              /opt/devkitpro/devkitARM/lib/gcc/arm-none-eabi/6.3.0/../../../../arm-none-eabi/lib/thumb/libg.a(lib_a-svfprintf.o) (_wcrtomb_r)
/opt/devkitpro/devkitARM/lib/gcc/arm-none-eabi/6.3.0/../../../../arm-none-eabi/lib/thumb/libg.a(lib_a-wcsrtombs.o)
                              /opt/devkitpro/devkitARM/lib/gcc/arm-none-eabi/6.3.0/../../../../arm-none-eabi/lib/thumb/libg.a(lib_a-svfprintf.o) (_wcsrtombs_r)
/opt/devkitpro/devkitARM/lib/gcc/arm-none-eabi/6.3.0/../../../../arm-none-eabi/lib/thumb/libg.a(lib_a-dtoa.o)
                              /opt/devkitpro/devkitARM/lib/gcc/arm-none-eabi/6.3.0/../../../../arm-none-eabi/lib/thumb/libg.a(lib_a-svfprintf.o) (_dtoa_r)
/opt/devkitpro/devkitARM/lib/gcc/arm-none-eabi/6.3.0/../../../../arm-none-eabi/lib/thumb/libg.a(lib_a-freer.o)
                              /opt/devkitpro/devkitARM/lib/gcc/arm-none-eabi/6.3.0/../../../../arm-none-eabi/lib/thumb/libg.a(lib_a-svfprintf.o) (_free_r)
/opt/devkitpro/devkitARM/lib/gcc/arm-none-eabi/6.3.0/../../../../arm-none-eabi/lib/thumb/libg.a(lib_a-localeconv.o)
                              /opt/devkitpro/devkitARM/lib/gcc/arm-none-eabi/6.3.0/../../../../arm-none-eabi/lib/thumb/libg.a(lib_a-svfprintf.o) (_localeconv_r)
/opt/devkitpro/devkitARM/lib/gcc/arm-none-eabi/6.3.0/../../../../arm-none-eabi/lib/thumb/libg.a(lib_a-locale.o)
                              /opt/devkitpro/devkitARM/lib/gcc/arm-none-eabi/6.3.0/../../../../arm-none-eabi/lib/thumb/libg.a(lib_a-svfprintf.o) (__locale_mb_cur_max)
/opt/devkitpro/devkitARM/lib/gcc/arm-none-eabi/6.3.0/../../../../arm-none-eabi/lib/thumb/libg.a(lib_a-mallocr.o)
                              /opt/devkitpro/devkitARM/lib/gcc/arm-none-eabi/6.3.0/../../../../arm-none-eabi/lib/thumb/libg.a(lib_a-svfprintf.o) (_malloc_r)
/opt/devkitpro/devkitARM/lib/gcc/arm-none-eabi/6.3.0/../../../../arm-none-eabi/lib/thumb/libg.a(lib_a-mbtowc_r.o)
                              /opt/devkitpro/devkitARM/lib/gcc/arm-none-eabi/6.3.0/../../../../arm-none-eabi/lib/thumb/libg.a(lib_a-locale.o) (__ascii_mbtowc)
/opt/devkitpro/devkitARM/lib/gcc/arm-none-eabi/6.3.0/../../../../arm-none-eabi/lib/thumb/libg.a(lib_a-memchr-stub.o)
                              /opt/devkitpro/devkitARM/lib/gcc/arm-none-eabi/6.3.0/../../../../arm-none-eabi/lib/thumb/libg.a(lib_a-svfprintf.o) (memchr)
/opt/devkitpro/devkitARM/lib/gcc/arm-none-eabi/6.3.0/../../../../arm-none-eabi/lib/thumb/libg.a(lib_a-memset.o)
                              /opt/devkitpro/devkitARM/lib/gcc/arm-none-eabi/6.3.0/../../../../arm-none-eabi/lib/thumb/libg.a(lib_a-svfprintf.o) (memset)
/opt/devkitpro/devkitARM/lib/gcc/arm-none-eabi/6.3.0/../../../../arm-none-eabi/lib/thumb/libg.a(lib_a-mlock.o)
                              /opt/devkitpro/devkitARM/lib/gcc/arm-none-eabi/6.3.0/../../../../arm-none-eabi/lib/thumb/libg.a(lib_a-freer.o) (__malloc_lock)
/opt/devkitpro/devkitARM/lib/gcc/arm-none-eabi/6.3.0/../../../../arm-none-eabi/lib/thumb/libg.a(lib_a-mprec.o)
                              /opt/devkitpro/devkitARM/lib/gcc/arm-none-eabi/6.3.0/../../../../arm-none-eabi/lib/thumb/libg.a(lib_a-dtoa.o) (_Balloc)
/opt/devkitpro/devkitARM/lib/gcc/arm-none-eabi/6.3.0/../../../../arm-none-eabi/lib/thumb/libg.a(lib_a-s_frexp.o)
                              /opt/devkitpro/devkitARM/lib/gcc/arm-none-eabi/6.3.0/../../../../arm-none-eabi/lib/thumb/libg.a(lib_a-svfprintf.o) (frexp)
/opt/devkitpro/devkitARM/lib/gcc/arm-none-eabi/6.3.0/../../../../arm-none-eabi/lib/thumb/libg.a(lib_a-strcasecmp.o)
[...]
Memory Configuration

Name             Origin             Length             Attributes
rom              0x0000000008000000 0x0000000002000000
iwram            0x0000000003000000 0x0000000000008000
ewram            0x0000000002000000 0x0000000000040000
*default*        0x0000000000000000 0xffffffffffffffff

Linker script and memory map

                0x0000000002000000                __text_start = ORIGIN (ewram)
                0x0000000002040000                __eheap_end = (ORIGIN (ewram) + LENGTH (ewram))
                0x0000000003000000                __iwram_start = ORIGIN (iwram)
                0x0000000003008000                __iwram_top = (ORIGIN (iwram) + LENGTH (iwram))
                0x0000000003007fa0                __sp_irq = (__iwram_top - 0x60)
                0x0000000003007f00                __sp_usr = (__sp_irq - 0xa0)
                0x0000000003007ff8                __irq_flags = 0x3007ff8
                0x0000000002000000                . = __text_start
                0x0000000002000000                . = __text_start

.crt0           0x0000000002000000      0x210
 *(.crt0)
 .crt0          0x0000000002000000      0x210 /opt/devkitpro/devkitARM/lib/gcc/arm-none-eabi/6.3.0/../../../../arm-none-eabi/lib/thumb/gba_crt0.o
                0x0000000002000000                _start
                0x00000000020000c4                __boot_method
                0x00000000020000c5                __slave_number
                0x00000000020000e0                start_vector
                0x0000000002000210                . = ALIGN (0x4)

.init           0x0000000002000210        0xc
 *(SORT(.init))
 .init          0x0000000002000210        0x4 /opt/devkitpro/devkitARM/lib/gcc/arm-none-eabi/6.3.0/thumb/crti.o
                0x0000000002000210                _init
 .init          0x0000000002000214        0x8 /opt/devkitpro/devkitARM/lib/gcc/arm-none-eabi/6.3.0/thumb/crtn.o

.plt            0x000000000200021c        0x0
 *(.plt)
                0x000000000200021c                . = ALIGN (0x4)

.text           0x000000000200021c     0x874c
 *(EXCLUDE_FILE(*.iwram*) .text)
 .text          0x000000000200021c       0x34 player.o
                0x000000000200021c                createPlayer
                0x0000000002000240                renderPlayer
 .text          0x0000000002000250       0x9c text.o
                0x0000000002000250                drawString
 .text          0x00000000020002ec       0x50 drawing.o
                0x00000000020002ec                drawRectangle
 .text          0x000000000200033c      0x648 game.o
                0x000000000200033c                gameTick
                0x0000000002000568                updateState
                0x0000000002000700                checkRoundOver
                0x0000000002000784                resetRound
                0x00000000020007b8                initGame
                0x0000000002000814                draw
                0x0000000002000894                renderLine
                0x00000000020008bc                renderScore
                0x0000000002000908                handleGameInput
 .text          0x0000000002000984      0x218 menu.o
                0x0000000002000984                menuTick
                0x0000000002000a94                createMenu
                0x0000000002000ab0                menuDraw
                0x0000000002000b10                handleMenuInput
 .text          0x0000000002000b9c      0x114 ball.o
                0x0000000002000b9c                createBall
                0x0000000002000bb0                setBallVelocity
                0x0000000002000bb8                renderBall
                0x0000000002000c00                moveBall
                0x0000000002000c18                checkBallCollision
                0x0000000002000ca0                reverseVelocityX
                0x0000000002000ca8                reverseVelocityY
 .text          0x0000000002000cb0       0x64 sound.o
                0x0000000002000cb0                playSound
 .text          0x0000000002000d14       0xd4 paddle.o
                0x0000000002000d14                createPaddle
                0x0000000002000d28                renderPaddle
                0x0000000002000d74                paddleUp
                0x0000000002000d84                paddleDown
                0x0000000002000d98                paddleBotMove
 .text          0x0000000002000de8      0x11c /opt/devkitpro/devkitARM/lib/gcc/arm-none-eabi/6.3.0/thumb/libgcc.a(_udivsi3.o)
                0x0000000002000de8                __udivsi3
                0x0000000002000de8                __aeabi_uidiv
                0x0000000002000ee4                __aeabi_uidivmod
 .text          0x0000000002000f04      0x150 /opt/devkitpro/devkitARM/lib/gcc/arm-none-eabi/6.3.0/thumb/libgcc.a(_divsi3.o)
                0x0000000002000f04                __aeabi_idiv
                0x0000000002000f04                __divsi3
                0x0000000002001034                __aeabi_idivmod
 .text          0x0000000002001054        0x4 /opt/devkitpro/devkitARM/lib/gcc/arm-none-eabi/6.3.0/thumb/libgcc.a(_dvmd_tls.o)
                0x0000000002001054                __aeabi_ldiv0
                0x0000000002001054                __aeabi_idiv0
 .text          0x0000000002001058      0x41c /opt/devkitpro/devkitARM/lib/gcc/arm-none-eabi/6.3.0/thumb/libgcc.a(_arm_addsubdf3.o)
                0x0000000002001058                __aeabi_drsub
                0x0000000002001060                __aeabi_dsub
                0x0000000002001060                __subdf3
                0x0000000002001064                __adddf3
                0x0000000002001064                __aeabi_dadd
                0x0000000002001374                __aeabi_ui2d
                0x0000000002001374                __floatunsidf
                0x0000000002001398                __floatsidf
                0x0000000002001398                __aeabi_i2d
                0x00000000020013c0                __extendsfdf2
                0x00000000020013c0                __aeabi_f2d
                0x0000000002001400                __aeabi_ul2d
                0x0000000002001400                __floatundidf
                0x0000000002001414                __floatdidf
                0x0000000002001414                __aeabi_l2d
 .text          0x0000000002001474      0x49c /opt/devkitpro/devkitARM/lib/gcc/arm-none-eabi/6.3.0/thumb/libgcc.a(_arm_muldivdf3.o)
                0x0000000002001474                __aeabi_dmul
                0x0000000002001474                __muldf3
                0x0000000002001704                __aeabi_ddiv
                0x0000000002001704                __divdf3
 .text          0x0000000002001910      0x144 /opt/devkitpro/devkitARM/lib/gcc/arm-none-eabi/6.3.0/thumb/libgcc.a(_arm_cmpdf2.o)
                0x0000000002001910                __gtdf2
                0x0000000002001910                __gedf2
                0x0000000002001918                __ltdf2
                0x0000000002001918                __ledf2
                0x0000000002001920                __cmpdf2
                0x0000000002001920                __eqdf2
                0x0000000002001920                __nedf2
                0x00000000020019a8                __aeabi_cdrcmple
                0x00000000020019c4                __aeabi_cdcmple
                0x00000000020019c4                __aeabi_cdcmpeq
                0x00000000020019dc                __aeabi_dcmpeq
                0x00000000020019f4                __aeabi_dcmplt
                0x0000000002001a0c                __aeabi_dcmple
                0x0000000002001a24                __aeabi_dcmpge
                0x0000000002001a3c                __aeabi_dcmpgt
 .text          0x0000000002001a54       0x38 /opt/devkitpro/devkitARM/lib/gcc/arm-none-eabi/6.3.0/thumb/libgcc.a(_arm_unorddf2.o)
                0x0000000002001a54                __aeabi_dcmpun
                0x0000000002001a54                __unorddf2
 .text          0x0000000002001a8c       0x5c /opt/devkitpro/devkitARM/lib/gcc/arm-none-eabi/6.3.0/thumb/libgcc.a(_arm_fixdfsi.o)
                0x0000000002001a8c                __fixdfsi
                0x0000000002001a8c                __aeabi_d2iz
 .text          0x0000000002001ae8       0x3c /opt/devkitpro/devkitARM/lib/gcc/arm-none-eabi/6.3.0/thumb/libgcc.a(_aeabi_uldivmod.o)
                0x0000000002001ae8                __aeabi_uldivmod
 .text          0x0000000002001b24       0x28 /opt/devkitpro/devkitARM/lib/gcc/arm-none-eabi/6.3.0/thumb/libgcc.a(_clzdi2.o)
                0x0000000002001b24                __clzdi2
 .text          0x0000000002001b4c       0x48 /opt/devkitpro/devkitARM/lib/gcc/arm-none-eabi/6.3.0/thumb/libgcc.a(_clzsi2.o)
                0x0000000002001b4c                __clzsi2
 *(.text .stub .text.* .gnu.linkonce.t.*)
 .text.deregister_tm_clones
                0x0000000002001b94       0x30 /opt/devkitpro/devkitARM/lib/gcc/arm-none-eabi/6.3.0/thumb/crtbegin.o
 .text.register_tm_clones
                0x0000000002001bc4       0x34 /opt/devkitpro/devkitARM/lib/gcc/arm-none-eabi/6.3.0/thumb/crtbegin.o
 .text.__do_global_dtors_aux
                0x0000000002001bf8       0x30 /opt/devkitpro/devkitARM/lib/gcc/arm-none-eabi/6.3.0/thumb/crtbegin.o
 .text.frame_dummy
                0x0000000002001c28       0x48 /opt/devkitpro/devkitARM/lib/gcc/arm-none-eabi/6.3.0/thumb/crtbegin.o
 .text.startup  0x0000000002001c70       0x68 main.o
                0x0000000002001c70                main
 .text.__libc_init_array
                0x0000000002001cd8       0x58 /opt/devkitpro/devkitARM/lib/gcc/arm-none-eabi/6.3.0/../../../../arm-none-eabi/lib/thumb/libg.a(lib_a-init.o)
                0x0000000002001cd8                __libc_init_array
 .text.memcpy   0x0000000002001d30       0x88 /opt/devkitpro/devkitARM/lib/gcc/arm-none-eabi/6.3.0/../../../../arm-none-eabi/lib/thumb/libg.a(lib_a-memcpy-stub.o)
                0x0000000002001d30                memcpy
 .text.srand    0x0000000002001db8       0x18 /opt/devkitpro/devkitARM/lib/gcc/arm-none-eabi/6.3.0/../../../../arm-none-eabi/lib/thumb/libg.a(lib_a-rand.o)
                0x0000000002001db8                srand
 .text.rand     0x0000000002001dd0       0x34 /opt/devkitpro/devkitARM/lib/gcc/arm-none-eabi/6.3.0/../../../../arm-none-eabi/lib/thumb/libg.a(lib_a-rand.o)
                0x0000000002001dd0                rand
 .text.sprintf  0x0000000002001e04       0x48 /opt/devkitpro/devkitARM/lib/gcc/arm-none-eabi/6.3.0/../../../../arm-none-eabi/lib/thumb/libg.a(lib_a-sprintf.o)
                0x0000000002001e04                sprintf
 .text.get_arg  0x0000000002001e4c      0xc4c /opt/devkitpro/devkitARM/lib/gcc/arm-none-eabi/6.3.0/../../../../arm-none-eabi/lib/thumb/libg.a(lib_a-svfprintf.o)
 .text._svfprintf_r
                0x0000000002002a98     0x2d98 /opt/devkitpro/devkitARM/lib/gcc/arm-none-eabi/6.3.0/../../../../arm-none-eabi/lib/thumb/libg.a(lib_a-svfprintf.o)
                0x0000000002002a98                _svfprintf_r
 .text.time     0x0000000002005830       0x2c /opt/devkitpro/devkitARM/lib/gcc/arm-none-eabi/6.3.0/../../../../arm-none-eabi/lib/thumb/libg.a(lib_a-time.o)
                0x0000000002005830                time
 .text._wcrtomb_r
                0x000000000200585c       0x80 /opt/devkitpro/devkitARM/lib/gcc/arm-none-eabi/6.3.0/../../../../arm-none-eabi/lib/thumb/libg.a(lib_a-wcrtomb.o)
                0x000000000200585c                _wcrtomb_r
 .text._wcsrtombs_r
                0x00000000020058dc       0x1c /opt/devkitpro/devkitARM/lib/gcc/arm-none-eabi/6.3.0/../../../../arm-none-eabi/lib/thumb/libg.a(lib_a-wcsrtombs.o)
                0x00000000020058dc                _wcsrtombs_r
 .text.quorem   0x00000000020058f8      0x15c /opt/devkitpro/devkitARM/lib/gcc/arm-none-eabi/6.3.0/../../../../arm-none-eabi/lib/thumb/libg.a(lib_a-dtoa.o)
 .text._dtoa_r  0x0000000002005a54      0xfd0 /opt/devkitpro/devkitARM/lib/gcc/arm-none-eabi/6.3.0/../../../../arm-none-eabi/lib/thumb/libg.a(lib_a-dtoa.o)
                0x0000000002005a54                _dtoa_r
 .text._malloc_trim_r
                0x0000000002006a24       0xa4 /opt/devkitpro/devkitARM/lib/gcc/arm-none-eabi/6.3.0/../../../../arm-none-eabi/lib/thumb/libg.a(lib_a-freer.o)
                0x0000000002006a24                _malloc_trim_r
 .text._free_r  0x0000000002006ac8      0x1c0 /opt/devkitpro/devkitARM/lib/gcc/arm-none-eabi/6.3.0/../../../../arm-none-eabi/lib/thumb/libg.a(lib_a-freer.o)
                0x0000000002006ac8                _free_r
 .text._localeconv_r
                0x0000000002006c88       0x1c /opt/devkitpro/devkitARM/lib/gcc/arm-none-eabi/6.3.0/../../../../arm-none-eabi/lib/thumb/libg.a(lib_a-localeconv.o)
                0x0000000002006c88                _localeconv_r
 .text.__locale_mb_cur_max
                0x0000000002006ca4       0x20 /opt/devkitpro/devkitARM/lib/gcc/arm-none-eabi/6.3.0/../../../../arm-none-eabi/lib/thumb/libg.a(lib_a-locale.o)
                0x0000000002006ca4                __locale_mb_cur_max
 .text._malloc_r
                0x0000000002006cc4      0x560 /opt/devkitpro/devkitARM/lib/gcc/arm-none-eabi/6.3.0/../../../../arm-none-eabi/lib/thumb/libg.a(lib_a-mallocr.o)
                0x0000000002006cc4                _malloc_r
 .text.__utf8_mbtowc
                0x0000000002007224      0x2a0 /opt/devkitpro/devkitARM/lib/gcc/arm-none-eabi/6.3.0/../../../../arm-none-eabi/lib/thumb/libg.a(lib_a-mbtowc_r.o)
                0x0000000002007224                __utf8_mbtowc
 .text.memchr   0x00000000020074c4       0x84 /opt/devkitpro/devkitARM/lib/gcc/arm-none-eabi/6.3.0/../../../../arm-none-eabi/lib/thumb/libg.a(lib_a-memchr-stub.o)
                0x00000000020074c4                memchr
 .text.memset   0x0000000002007548       0x9c /opt/devkitpro/devkitARM/lib/gcc/arm-none-eabi/6.3.0/../../../../arm-none-eabi/lib/thumb/libg.a(lib_a-memset.o)
                0x0000000002007548                memset
 .text.__malloc_lock
                0x00000000020075e4       0x14 /opt/devkitpro/devkitARM/lib/gcc/arm-none-eabi/6.3.0/../../../../arm-none-eabi/lib/thumb/libg.a(lib_a-mlock.o)
                0x00000000020075e4                __malloc_lock
 .text.__malloc_unlock
                0x00000000020075f8       0x14 /opt/devkitpro/devkitARM/lib/gcc/arm-none-eabi/6.3.0/../../../../arm-none-eabi/lib/thumb/libg.a(lib_a-mlock.o)
                0x00000000020075f8                __malloc_unlock
 .text._Balloc  0x000000000200760c       0x54 /opt/devkitpro/devkitARM/lib/gcc/arm-none-eabi/6.3.0/../../../../arm-none-eabi/lib/thumb/libg.a(lib_a-mprec.o)
                0x000000000200760c                _Balloc
 .text._Bfree   0x0000000002007660       0x14 /opt/devkitpro/devkitARM/lib/gcc/arm-none-eabi/6.3.0/../../../../arm-none-eabi/lib/thumb/libg.a(lib_a-mprec.o)
                0x0000000002007660                _Bfree
 .text.__multadd
                0x0000000002007674       0x94 /opt/devkitpro/devkitARM/lib/gcc/arm-none-eabi/6.3.0/../../../../arm-none-eabi/lib/thumb/libg.a(lib_a-mprec.o)
                0x0000000002007674                __multadd
 .text.__hi0bits
                0x0000000002007708       0x34 /opt/devkitpro/devkitARM/lib/gcc/arm-none-eabi/6.3.0/../../../../arm-none-eabi/lib/thumb/libg.a(lib_a-mprec.o)
                0x0000000002007708                __hi0bits
 .text.__lo0bits
                0x000000000200773c       0x5c /opt/devkitpro/devkitARM/lib/gcc/arm-none-eabi/6.3.0/../../../../arm-none-eabi/lib/thumb/libg.a(lib_a-mprec.o)
                0x000000000200773c                __lo0bits
 .text.__i2b    0x0000000002007798       0x18 /opt/devkitpro/devkitARM/lib/gcc/arm-none-eabi/6.3.0/../../../../arm-none-eabi/lib/thumb/libg.a(lib_a-mprec.o)
                0x0000000002007798                __i2b
 .text.__multiply
                0x00000000020077b0      0x160 /opt/devkitpro/devkitARM/lib/gcc/arm-none-eabi/6.3.0/../../../../arm-none-eabi/lib/thumb/libg.a(lib_a-mprec.o)
                0x00000000020077b0                __multiply
 .text.__pow5mult
                0x0000000002007910       0xc4 /opt/devkitpro/devkitARM/lib/gcc/arm-none-eabi/6.3.0/../../../../arm-none-eabi/lib/thumb/libg.a(lib_a-mprec.o)
                0x0000000002007910                __pow5mult
 .text.__lshift
                0x00000000020079d4       0xc4 /opt/devkitpro/devkitARM/lib/gcc/arm-none-eabi/6.3.0/../../../../arm-none-eabi/lib/thumb/libg.a(lib_a-mprec.o)
                0x00000000020079d4                __lshift
 .text.__mcmp   0x0000000002007a98       0x38 /opt/devkitpro/devkitARM/lib/gcc/arm-none-eabi/6.3.0/../../../../arm-none-eabi/lib/thumb/libg.a(lib_a-mprec.o)
                0x0000000002007a98                __mcmp
 .text.__mdiff  0x0000000002007ad0      0x13c /opt/devkitpro/devkitARM/lib/gcc/arm-none-eabi/6.3.0/../../../../arm-none-eabi/lib/thumb/libg.a(lib_a-mprec.o)
                0x0000000002007ad0                __mdiff
 .text.__d2b    0x0000000002007c0c       0xc0 /opt/devkitpro/devkitARM/lib/gcc/arm-none-eabi/6.3.0/../../../../arm-none-eabi/lib/thumb/libg.a(lib_a-mprec.o)
                0x0000000002007c0c                __d2b
 .text.frexp    0x0000000002007ccc       0x68 /opt/devkitpro/devkitARM/lib/gcc/arm-none-eabi/6.3.0/../../../../arm-none-eabi/lib/thumb/libg.a(lib_a-s_frexp.o)
                0x0000000002007ccc                frexp
 .text.strlen   0x0000000002007d34       0x68 /opt/devkitpro/devkitARM/lib/gcc/arm-none-eabi/6.3.0/../../../../arm-none-eabi/lib/thumb/libg.a(lib_a-strlen-stub.o)
                0x0000000002007d34                strlen
 .text.strncpy  0x0000000002007d9c       0x80 /opt/devkitpro/devkitARM/lib/gcc/arm-none-eabi/6.3.0/../../../../arm-none-eabi/lib/thumb/libg.a(lib_a-strncpy.o)
                0x0000000002007d9c                strncpy
 .text.__ssprint_r
                0x0000000002007e1c      0x124 /opt/devkitpro/devkitARM/lib/gcc/arm-none-eabi/6.3.0/../../../../arm-none-eabi/lib/thumb/libg.a(lib_a-svfiprintf.o)
                0x0000000002007e1c                __ssprint_r
 .text._wcsnrtombs_l
                0x0000000002007f40      0x11c /opt/devkitpro/devkitARM/lib/gcc/arm-none-eabi/6.3.0/../../../../arm-none-eabi/lib/thumb/libg.a(lib_a-wcsnrtombs.o)
                0x0000000002007f40                _wcsnrtombs_l
 .text._wcsnrtombs_r
                0x000000000200805c       0x40 /opt/devkitpro/devkitARM/lib/gcc/arm-none-eabi/6.3.0/../../../../arm-none-eabi/lib/thumb/libg.a(lib_a-wcsnrtombs.o)
                0x000000000200805c                _wcsnrtombs_r
 .text.__utf8_wctomb
                0x000000000200809c       0xbc /opt/devkitpro/devkitARM/lib/gcc/arm-none-eabi/6.3.0/../../../../arm-none-eabi/lib/thumb/libg.a(lib_a-wctomb_r.o)
                0x000000000200809c                __utf8_wctomb
 .text._calloc_r
                0x0000000002008158       0x5c /opt/devkitpro/devkitARM/lib/gcc/arm-none-eabi/6.3.0/../../../../arm-none-eabi/lib/thumb/libg.a(lib_a-callocr.o)
                0x0000000002008158                _calloc_r
 .text.memmove  0x00000000020081b4       0xa4 /opt/devkitpro/devkitARM/lib/gcc/arm-none-eabi/6.3.0/../../../../arm-none-eabi/lib/thumb/libg.a(lib_a-memmove.o)
                0x00000000020081b4                memmove
 .text._realloc_r
                0x0000000002008258      0x38c /opt/devkitpro/devkitARM/lib/gcc/arm-none-eabi/6.3.0/../../../../arm-none-eabi/lib/thumb/libg.a(lib_a-reallocr.o)
                0x0000000002008258                _realloc_r
 .text._gettimeofday_r
                0x00000000020085e4       0x28 /opt/devkitpro/devkitARM/lib/gcc/arm-none-eabi/6.3.0/../../../../arm-none-eabi/lib/thumb/libsysbase.a(gettod.o)
                0x00000000020085e4                _gettimeofday_r
 .text._sbrk_r  0x000000000200860c       0x54 /opt/devkitpro/devkitARM/lib/gcc/arm-none-eabi/6.3.0/../../../../arm-none-eabi/lib/thumb/libsysbase.a(sbrk.o)
                0x000000000200860c                _sbrk_r
 .text.__libc_lock_acquire_recursive
                0x0000000002008660       0x1c /opt/devkitpro/devkitARM/lib/gcc/arm-none-eabi/6.3.0/../../../../arm-none-eabi/lib/thumb/libsysbase.a(syscall_support.o)
                0x0000000002008660                __libc_lock_acquire_recursive
 .text.__libc_lock_release_recursive
                0x000000000200867c       0x1c /opt/devkitpro/devkitARM/lib/gcc/arm-none-eabi/6.3.0/../../../../arm-none-eabi/lib/thumb/libsysbase.a(syscall_support.o)
                0x000000000200867c                __libc_lock_release_recursive
 .text.__getreent
                0x0000000002008698       0x28 /opt/devkitpro/devkitARM/lib/gcc/arm-none-eabi/6.3.0/../../../../arm-none-eabi/lib/thumb/libsysbase.a(getreent.o)
                0x0000000002008698                __getreent
 .text.__muldi3
                0x00000000020086c0       0x60 /opt/devkitpro/devkitARM/lib/gcc/arm-none-eabi/6.3.0/thumb/libgcc.a(_muldi3.o)
                0x00000000020086c0                __aeabi_lmul
                0x00000000020086c0                __muldi3
 .text.__udivmoddi4
                0x0000000002008720      0x184 /opt/devkitpro/devkitARM/lib/gcc/arm-none-eabi/6.3.0/thumb/libgcc.a(_udivmoddi4.o)
                0x0000000002008720                __udivmoddi4
 *fill*         0x00000000020088a4        0x4 ff
 .text.__udivmoddi4.__stub
                0x00000000020088a8       0xb4 linker stubs
 *(.text.*personality*)
 *(.gnu.warning)
 *(.glue_7t)
 .glue_7t       0x0000000002008968        0x0 linker stubs
 *(.glue_7)
 .glue_7        0x0000000002008968        0x0 linker stubs
 *(.vfp11_veneer)
 .vfp11_veneer  0x0000000002008968        0x0 linker stubs
                0x0000000002008968                . = ALIGN (0x4)
                0x0000000002008968                __text_end = .

.v4_bx          0x0000000002008968        0x0
 .v4_bx         0x0000000002008968        0x0 linker stubs

.iplt           0x0000000002008968        0x0
 .iplt          0x0000000002008968        0x0 /opt/devkitpro/devkitARM/lib/gcc/arm-none-eabi/6.3.0/../../../../arm-none-eabi/lib/thumb/gba_crt0.o

.fini           0x0000000002008968        0xc
 *(.fini)
 .fini          0x0000000002008968        0x4 /opt/devkitpro/devkitARM/lib/gcc/arm-none-eabi/6.3.0/thumb/crti.o
                0x0000000002008968                _fini
 .fini          0x000000000200896c        0x8 /opt/devkitpro/devkitARM/lib/gcc/arm-none-eabi/6.3.0/thumb/crtn.o
                0x0000000002008974                . = ALIGN (0x4)

.rodata         0x0000000002008978     0x1270
 *(.rodata)
 .rodata        0x0000000002008978      0x300 text.o
                0x0000000002008978                fontTiles
 .rodata        0x0000000002008c78        0x6 menu.o
 *all.rodata*(*)
 *(.roda)
 *(.rodata.*)
 *fill*         0x0000000002008c7e        0x2 ff
 .rodata.str1.4
                0x0000000002008c80        0x3 game.o
 *fill*         0x0000000002008c83        0x1 ff
 .rodata.str1.4
                0x0000000002008c84       0x29 menu.o
 *fill*         0x0000000002008cad        0x3 ff
 .rodata.get_arg
                0x0000000002008cb0      0x938 /opt/devkitpro/devkitARM/lib/gcc/arm-none-eabi/6.3.0/../../../../arm-none-eabi/lib/thumb/libg.a(lib_a-svfprintf.o)
 .rodata._svfprintf_r
                0x00000000020095e8      0x16c /opt/devkitpro/devkitARM/lib/gcc/arm-none-eabi/6.3.0/../../../../arm-none-eabi/lib/thumb/libg.a(lib_a-svfprintf.o)
 .rodata._svfprintf_r.str1.4
                0x0000000002009754       0x42 /opt/devkitpro/devkitARM/lib/gcc/arm-none-eabi/6.3.0/../../../../arm-none-eabi/lib/thumb/libg.a(lib_a-svfprintf.o)
 *fill*         0x0000000002009796        0x2 ff
 .rodata.blanks.7277
                0x0000000002009798       0x10 /opt/devkitpro/devkitARM/lib/gcc/arm-none-eabi/6.3.0/../../../../arm-none-eabi/lib/thumb/libg.a(lib_a-svfprintf.o)
 .rodata.zeroes.7278
                0x00000000020097a8       0x10 /opt/devkitpro/devkitARM/lib/gcc/arm-none-eabi/6.3.0/../../../../arm-none-eabi/lib/thumb/libg.a(lib_a-svfprintf.o)
 .rodata._dtoa_r.str1.4
                0x00000000020097b8       0x10 /opt/devkitpro/devkitARM/lib/gcc/arm-none-eabi/6.3.0/../../../../arm-none-eabi/lib/thumb/libg.a(lib_a-dtoa.o)
                                         0x12 (size before relaxing)
 .rodata.str1.4
                0x00000000020097c8       0x48 /opt/devkitpro/devkitARM/lib/gcc/arm-none-eabi/6.3.0/../../../../arm-none-eabi/lib/thumb/libg.a(lib_a-locale.o)
                                         0x4c (size before relaxing)
 .rodata.__mprec_bigtens
                0x0000000002009810       0x28 /opt/devkitpro/devkitARM/lib/gcc/arm-none-eabi/6.3.0/../../../../arm-none-eabi/lib/thumb/libg.a(lib_a-mprec.o)
                0x0000000002009810                __mprec_bigtens
 .rodata.__mprec_tens
                0x0000000002009838       0xc8 /opt/devkitpro/devkitARM/lib/gcc/arm-none-eabi/6.3.0/../../../../arm-none-eabi/lib/thumb/libg.a(lib_a-mprec.o)
                0x0000000002009838                __mprec_tens
 .rodata.p05.6068
                0x0000000002009900        0xc /opt/devkitpro/devkitARM/lib/gcc/arm-none-eabi/6.3.0/../../../../arm-none-eabi/lib/thumb/libg.a(lib_a-mprec.o)
 .rodata.__action_table
                0x000000000200990c       0x6c /opt/devkitpro/devkitARM/lib/gcc/arm-none-eabi/6.3.0/../../../../arm-none-eabi/lib/thumb/libg.a(lib_a-svfiprintf.o)
                0x000000000200990c                __action_table
 .rodata.__chclass
                0x0000000002009978      0x100 /opt/devkitpro/devkitARM/lib/gcc/arm-none-eabi/6.3.0/../../../../arm-none-eabi/lib/thumb/libg.a(lib_a-svfiprintf.o)
                0x0000000002009978                __chclass
 .rodata.__state_table
                0x0000000002009a78       0x6c /opt/devkitpro/devkitARM/lib/gcc/arm-none-eabi/6.3.0/../../../../arm-none-eabi/lib/thumb/libg.a(lib_a-svfiprintf.o)
                0x0000000002009a78                __state_table
 .rodata._ctype_
                0x0000000002009ae4      0x101 /opt/devkitpro/devkitARM/lib/gcc/arm-none-eabi/6.3.0/../../../../arm-none-eabi/lib/thumb/libg.a(lib_a-ctype_.o)
                0x0000000002009ae4                _ctype_
 *(.gnu.linkonce.r*)
                0x0000000002009be8                . = ALIGN (0x4)
 *fill*         0x0000000002009be5        0x3 ff

.ARM.extab
 *(.ARM.extab* .gnu.linkonce.armextab.*)
                0x0000000002009be8                __exidx_start = .

.ARM.exidx
 *(.ARM.exidx* .gnu.linkonce.armexidx.*)
                0x0000000002009be8                __exidx_end = .
                0x0000000002009be8                . = ALIGN (0x4)
                0x0000000002009be8                PROVIDE (__preinit_array_start, .)

.preinit_array
 *(.preinit_array)
                0x0000000002009be8                PROVIDE (__preinit_array_end, .)
                0x0000000002009be8                PROVIDE (__init_array_start, .)

.init_array     0x0000000002009be8        0x4
 *(.init_array)
 .init_array    0x0000000002009be8        0x4 /opt/devkitpro/devkitARM/lib/gcc/arm-none-eabi/6.3.0/thumb/crtbegin.o
                0x0000000002009bec                PROVIDE (__init_array_end, .)
                [!provide]                        PROVIDE (__fini_array_start, .)

.fini_array     0x0000000002009bec        0x4
 *(.fini_array)
 .fini_array    0x0000000002009bec        0x4 /opt/devkitpro/devkitARM/lib/gcc/arm-none-eabi/6.3.0/thumb/crtbegin.o
                [!provide]                        PROVIDE (__fini_array_end, .)

.ctors          0x0000000002009bf0        0x0
 *crtbegin.o(.ctors)
 *(EXCLUDE_FILE(*crtend.o) .ctors)
 *(SORT(.ctors.*))
 *(.ctors)
                0x0000000002009bf0                . = ALIGN (0x4)

.dtors          0x0000000002009bf0        0x0
 *crtbegin.o(.dtors)
 *(EXCLUDE_FILE(*crtend.o) .dtors)
 *(SORT(.dtors.*))
 *(.dtors)
                0x0000000002009bf0                . = ALIGN (0x4)

.jcr            0x0000000002009bf0        0x4
 *(.jcr)
 .jcr           0x0000000002009bf0        0x0 /opt/devkitpro/devkitARM/lib/gcc/arm-none-eabi/6.3.0/thumb/crtbegin.o
 .jcr           0x0000000002009bf0        0x4 /opt/devkitpro/devkitARM/lib/gcc/arm-none-eabi/6.3.0/thumb/crtend.o

.eh_frame       0x0000000002009bf4        0x4
 *(.eh_frame)
 .eh_frame      0x0000000002009bf4        0x0 /opt/devkitpro/devkitARM/lib/gcc/arm-none-eabi/6.3.0/thumb/crtbegin.o
 .eh_frame      0x0000000002009bf4        0x4 /opt/devkitpro/devkitARM/lib/gcc/arm-none-eabi/6.3.0/thumb/crtend.o
                0x0000000002009bf8                . = ALIGN (0x4)

.rel.dyn        0x0000000002009bf8        0x0
 .rel.iplt      0x0000000002009bf8        0x0 /opt/devkitpro/devkitARM/lib/gcc/arm-none-eabi/6.3.0/../../../../arm-none-eabi/lib/thumb/gba_crt0.o

.gcc_except_table
                0x0000000002009bf8        0x0
 *(.gcc_except_table)
                0x0000000002009bf8                . = ALIGN (0x4)
                0x0000000002009bf8                __iwram_lma = .

.iwram          0x0000000003000000        0x0 load address 0x0000000002009bf8
                0x0000000003000000                __iwram_start__ = ABSOLUTE (.)
 *(.iwram)
 *iwram.*(.text)
                0x0000000003000000                . = ALIGN (0x4)
                0x0000000003000000                __iwram_end__ = ABSOLUTE (.)
                0x0000000002009bf8                __data_lma = (__iwram_lma + SIZEOF (.iwram))

.bss            0x0000000003000000      0x110
                0x0000000003000000                __bss_start__ = ABSOLUTE (.)
 *(.dynbss)
 *(.gnu.linkonce.b*)
 *(.bss*)
 .bss.completed.6497
                0x0000000003000000        0x1 /opt/devkitpro/devkitARM/lib/gcc/arm-none-eabi/6.3.0/thumb/crtbegin.o
 *fill*         0x0000000003000001        0x3 
 .bss.object.6502
                0x0000000003000004       0x18 /opt/devkitpro/devkitARM/lib/gcc/arm-none-eabi/6.3.0/thumb/crtbegin.o
 .bss           0x000000000300001c        0x5 game.o
                0x000000000300001c                mode
                0x000000000300001d                initialised
                0x000000000300001e                roundStarted
                0x000000000300001f                botScore
                0x0000000003000020                playerScore
 .bss           0x0000000003000021        0x1 menu.o
                0x0000000003000021                menuCreated
 .bss           0x0000000003000022        0x1 main.o
                0x0000000003000022                gamestate
 *fill*         0x0000000003000023        0x1 
 .bss           0x0000000003000024        0x8 sound.o
                0x0000000003000024                soundInit
                0x0000000003000028                i
 .bss.__malloc_current_mallinfo
                0x000000000300002c       0x28 /opt/devkitpro/devkitARM/lib/gcc/arm-none-eabi/6.3.0/../../../../arm-none-eabi/lib/thumb/libg.a(lib_a-mallocr.o)
                0x000000000300002c                __malloc_current_mallinfo
 .bss.__malloc_max_sbrked_mem
                0x0000000003000054        0x4 /opt/devkitpro/devkitARM/lib/gcc/arm-none-eabi/6.3.0/../../../../arm-none-eabi/lib/thumb/libg.a(lib_a-mallocr.o)
                0x0000000003000054                __malloc_max_sbrked_mem
 .bss.__malloc_max_total_mem
                0x0000000003000058        0x4 /opt/devkitpro/devkitARM/lib/gcc/arm-none-eabi/6.3.0/../../../../arm-none-eabi/lib/thumb/libg.a(lib_a-mallocr.o)
                0x0000000003000058                __malloc_max_total_mem
 .bss.__malloc_top_pad
                0x000000000300005c        0x4 /opt/devkitpro/devkitARM/lib/gcc/arm-none-eabi/6.3.0/../../../../arm-none-eabi/lib/thumb/libg.a(lib_a-mallocr.o)
                0x000000000300005c                __malloc_top_pad
 .bss.heap_start.5804
                0x0000000003000060        0x4 /opt/devkitpro/devkitARM/lib/gcc/arm-none-eabi/6.3.0/../../../../arm-none-eabi/lib/thumb/libsysbase.a(sbrk.o)
 .bss.fake_heap_end
                0x0000000003000064        0x4 /opt/devkitpro/devkitARM/lib/gcc/arm-none-eabi/6.3.0/../../../../arm-none-eabi/lib/thumb/libsysbase.a(malloc_vars.o)
                0x0000000003000064                fake_heap_end
 .bss.fake_heap_start
                0x0000000003000068        0x4 /opt/devkitpro/devkitARM/lib/gcc/arm-none-eabi/6.3.0/../../../../arm-none-eabi/lib/thumb/libsysbase.a(malloc_vars.o)
                0x0000000003000068                fake_heap_start
 .bss.__syscalls
                0x000000000300006c       0x38 /opt/devkitpro/devkitARM/lib/gcc/arm-none-eabi/6.3.0/../../../../arm-none-eabi/lib/thumb/libsysbase.a(syscall_support.o)
                0x000000000300006c                __syscalls
 *(COMMON)
 COMMON         0x00000000030000a4       0x18 player.o
                0x00000000030000a4                playerPaddle
 COMMON         0x00000000030000bc       0x46 game.o
                0x00000000030000bc                player
                0x00000000030000c0                key_cur
                0x00000000030000c4                bot
                0x00000000030000dc                ball
                0x0000000003000100                key_prev
 *fill*         0x0000000003000102        0x2 
 COMMON         0x0000000003000104        0xc menu.o
                0x0000000003000104                cBox
                0x0000000003000110                . = ALIGN (0x4)
                0x0000000003000110                __bss_end__ = ABSOLUTE (.)

.data           0x0000000003000110      0xa00 load address 0x0000000002009bf8
                0x0000000003000110                __data_start__ = ABSOLUTE (.)
 *(.data)
 .data          0x0000000003000110        0xc game.o
                0x0000000003000110                ballSize
                0x0000000003000114                paddleWidth
                0x0000000003000118                paddleHeight
 .data          0x000000000300011c        0x1 menu.o
                0x000000000300011c                menuLevel
 *(.data.*)
 *fill*         0x000000000300011d        0x3 ff
 .data.__global_locale
                0x0000000003000120      0x16c /opt/devkitpro/devkitARM/lib/gcc/arm-none-eabi/6.3.0/../../../../arm-none-eabi/lib/thumb/libg.a(lib_a-locale.o)
                0x0000000003000120                __global_locale
 .data.__malloc_av_
                0x000000000300028c      0x408 /opt/devkitpro/devkitARM/lib/gcc/arm-none-eabi/6.3.0/../../../../arm-none-eabi/lib/thumb/libg.a(lib_a-mallocr.o)
                0x000000000300028c                __malloc_av_
 .data.__malloc_sbrk_base
                0x0000000003000694        0x4 /opt/devkitpro/devkitARM/lib/gcc/arm-none-eabi/6.3.0/../../../../arm-none-eabi/lib/thumb/libg.a(lib_a-mallocr.o)
                0x0000000003000694                __malloc_sbrk_base
 .data.__malloc_trim_threshold
                0x0000000003000698        0x4 /opt/devkitpro/devkitARM/lib/gcc/arm-none-eabi/6.3.0/../../../../arm-none-eabi/lib/thumb/libg.a(lib_a-mallocr.o)
                0x0000000003000698                __malloc_trim_threshold
 .data.__malloc_lock_object
                0x000000000300069c        0xc /opt/devkitpro/devkitARM/lib/gcc/arm-none-eabi/6.3.0/../../../../arm-none-eabi/lib/thumb/libg.a(lib_a-mlock.o)
 .data._impure_ptr
                0x00000000030006a8        0x4 /opt/devkitpro/devkitARM/lib/gcc/arm-none-eabi/6.3.0/../../../../arm-none-eabi/lib/thumb/libg.a(lib_a-impure.o)
                0x00000000030006a8                _impure_ptr
 *fill*         0x00000000030006ac        0x4 ff
 .data.impure_data
                0x00000000030006b0      0x460 /opt/devkitpro/devkitARM/lib/gcc/arm-none-eabi/6.3.0/../../../../arm-none-eabi/lib/thumb/libg.a(lib_a-impure.o)
 *(.gnu.linkonce.d*)
                0x0000000003000b10                . = ALIGN (0x4)
                0x0000000003000b10                __data_end__ = ABSOLUTE (.)
                0x000000000200a5f8                __iwram_overlay_lma = (__data_lma + SIZEOF (.data))
                [!provide]                        PROVIDE (edata, .)
                0x0000000003000b10                __iwram_overlay_start = .

.igot.plt       0x0000000003000b10        0x0 load address 0x000000000200a5f8
 .igot.plt      0x0000000003000b10        0x0 /opt/devkitpro/devkitARM/lib/gcc/arm-none-eabi/6.3.0/../../../../arm-none-eabi/lib/thumb/gba_crt0.o

.tm_clone_table
                0x0000000003000b10        0x0 load address 0x000000000200a5f8
 .tm_clone_table
                0x0000000003000b10        0x0 /opt/devkitpro/devkitARM/lib/gcc/arm-none-eabi/6.3.0/thumb/crtbegin.o
 .tm_clone_table
                0x0000000003000b10        0x0 /opt/devkitpro/devkitARM/lib/gcc/arm-none-eabi/6.3.0/thumb/crtend.o

.iwram0         0x0000000003000b10        0x0 load address 0x000000000200a5f8
 *(.iwram0)
                0x0000000003000b10                . = ALIGN (0x4)
                0x000000000200a5f8                PROVIDE (__load_start_iwram0, LOADADDR (.iwram0))
                0x000000000200a5f8                PROVIDE (__load_stop_iwram0, (LOADADDR (.iwram0) + SIZEOF (.iwram0)))

.iwram1         0x0000000003000b10        0x0
 *(.iwram1)
                0x0000000003000b10                . = ALIGN (0x4)
                [!provide]                        PROVIDE (__load_start_iwram1, LOADADDR (.iwram1))
                [!provide]                        PROVIDE (__load_stop_iwram1, (LOADADDR (.iwram1) + SIZEOF (.iwram1)))

.iwram2         0x0000000003000b10        0x0
 *(.iwram2)
                0x0000000003000b10                . = ALIGN (0x4)
                [!provide]                        PROVIDE (__load_start_iwram2, LOADADDR (.iwram2))
                [!provide]                        PROVIDE (__load_stop_iwram2, (LOADADDR (.iwram2) + SIZEOF (.iwram2)))

.iwram3         0x0000000003000b10        0x0
 *(.iwram3)
                0x0000000003000b10                . = ALIGN (0x4)
                [!provide]                        PROVIDE (__load_start_iwram3, LOADADDR (.iwram3))
                [!provide]                        PROVIDE (__load_stop_iwram3, (LOADADDR (.iwram3) + SIZEOF (.iwram3)))

.iwram4         0x0000000003000b10        0x0
 *(.iwram4)
                0x0000000003000b10                . = ALIGN (0x4)
                [!provide]                        PROVIDE (__load_start_iwram4, LOADADDR (.iwram4))
                [!provide]                        PROVIDE (__load_stop_iwram4, (LOADADDR (.iwram4) + SIZEOF (.iwram4)))

.iwram5         0x0000000003000b10        0x0
 *(.iwram5)
                0x0000000003000b10                . = ALIGN (0x4)
                [!provide]                        PROVIDE (__load_start_iwram5, LOADADDR (.iwram5))
                [!provide]                        PROVIDE (__load_stop_iwram5, (LOADADDR (.iwram5) + SIZEOF (.iwram5)))

.iwram6         0x0000000003000b10        0x0
 *(.iwram6)
                0x0000000003000b10                . = ALIGN (0x4)
                [!provide]                        PROVIDE (__load_start_iwram6, LOADADDR (.iwram6))
                [!provide]                        PROVIDE (__load_stop_iwram6, (LOADADDR (.iwram6) + SIZEOF (.iwram6)))

.iwram7         0x0000000003000b10        0x0
 *(.iwram7)
                0x0000000003000b10                . = ALIGN (0x4)
                [!provide]                        PROVIDE (__load_start_iwram7, LOADADDR (.iwram7))
                [!provide]                        PROVIDE (__load_stop_iwram7, (LOADADDR (.iwram7) + SIZEOF (.iwram7)))

.iwram8         0x0000000003000b10        0x0
 *(.iwram8)
                0x0000000003000b10                . = ALIGN (0x4)
                [!provide]                        PROVIDE (__load_start_iwram8, LOADADDR (.iwram8))
                [!provide]                        PROVIDE (__load_stop_iwram8, (LOADADDR (.iwram8) + SIZEOF (.iwram8)))

.iwram9         0x0000000003000b10        0x0
 *(.iwram9)
                0x0000000003000b10                . = ALIGN (0x4)
                [!provide]                        PROVIDE (__load_start_iwram9, LOADADDR (.iwram9))
                [!provide]                        PROVIDE (__load_stop_iwram9, (LOADADDR (.iwram9) + SIZEOF (.iwram9)))
                0x000000000200a5f8                __ewram_lma = ((((((((((LOADADDR (.iwram0) + SIZEOF (.iwram0)) + SIZEOF (.iwram1)) + SIZEOF (.iwram2)) + SIZEOF (.iwram3)) + SIZEOF (.iwram4)) + SIZEOF (.iwram5)) + SIZEOF (.iwram6)) + SIZEOF (.iwram7)) + SIZEOF (.iwram8)) + SIZEOF (.iwram9))
                0x000000000200a5f8                __iwram_overlay_end = __ewram_lma
                0x000000000200a5f8                __ewram_start = __ewram_lma

.ewram          0x000000000200a5f8        0x0
 *(.ewram)
                0x000000000200a5f8                . = ALIGN (0x4)
                0x000000000200a5f8                __ewram_end = ABSOLUTE (.)
                0x000000000200a5f8                __ewram_overlay_lma = (__ewram_lma + SIZEOF (.ewram))

.sbss           0x000000000200a5f8        0x0
                0x000000000200a5f8                __sbss_start__ = ABSOLUTE (.)
 *(.sbss)
                0x000000000200a5f8                . = ALIGN (0x4)
                0x000000000200a5f8                __sbss_end__ = ABSOLUTE (.)
                0x000000000200a5f8                __end__ = ABSOLUTE (.)
                0x000000000200a5f8                __eheap_start = ABSOLUTE (.)

.ewram0         0x000000000200a5f8        0x0
 *(.ewram0)
                0x000000000200a5f8                . = ALIGN (0x4)
                [!provide]                        PROVIDE (__load_start_ewram0, LOADADDR (.ewram0))
                [!provide]                        PROVIDE (__load_stop_ewram0, (LOADADDR (.ewram0) + SIZEOF (.ewram0)))

.ewram1         0x000000000200a5f8        0x0
 *(.ewram1)
                0x000000000200a5f8                . = ALIGN (0x4)
                [!provide]                        PROVIDE (__load_start_ewram1, LOADADDR (.ewram1))
                [!provide]                        PROVIDE (__load_stop_ewram1, (LOADADDR (.ewram1) + SIZEOF (.ewram1)))

.ewram2         0x000000000200a5f8        0x0
 *(.ewram2)
                0x000000000200a5f8                . = ALIGN (0x4)
                [!provide]                        PROVIDE (__load_start_ewram2, LOADADDR (.ewram2))
                [!provide]                        PROVIDE (__load_stop_ewram2, (LOADADDR (.ewram2) + SIZEOF (.ewram2)))

.ewram3         0x000000000200a5f8        0x0
 *(.ewram3)
                0x000000000200a5f8                . = ALIGN (0x4)
                [!provide]                        PROVIDE (__load_start_ewram3, LOADADDR (.ewram3))
                [!provide]                        PROVIDE (__load_stop_ewram3, (LOADADDR (.ewram3) + SIZEOF (.ewram3)))

.ewram4         0x000000000200a5f8        0x0
 *(.ewram4)
                0x000000000200a5f8                . = ALIGN (0x4)
                [!provide]                        PROVIDE (__load_start_ewram4, LOADADDR (.ewram4))
                [!provide]                        PROVIDE (__load_stop_ewram4, (LOADADDR (.ewram4) + SIZEOF (.ewram4)))

.ewram5         0x000000000200a5f8        0x0
 *(.ewram5)
                0x000000000200a5f8                . = ALIGN (0x4)
                [!provide]                        PROVIDE (__load_start_ewram5, LOADADDR (.ewram5))
                [!provide]                        PROVIDE (__load_stop_ewram5, (LOADADDR (.ewram5) + SIZEOF (.ewram5)))

.ewram6         0x000000000200a5f8        0x0
 *(.ewram6)
                0x000000000200a5f8                . = ALIGN (0x4)
                [!provide]                        PROVIDE (__load_start_ewram6, LOADADDR (.ewram6))
                [!provide]                        PROVIDE (__load_stop_ewram6, (LOADADDR (.ewram6) + SIZEOF (.ewram6)))

.ewram7         0x000000000200a5f8        0x0
 *(.ewram7)
                0x000000000200a5f8                . = ALIGN (0x4)
                [!provide]                        PROVIDE (__load_start_ewram7, LOADADDR (.ewram7))
                [!provide]                        PROVIDE (__load_stop_ewram7, (LOADADDR (.ewram7) + SIZEOF (.ewram7)))

.ewram8         0x000000000200a5f8        0x0
 *(.ewram8)
                0x000000000200a5f8                . = ALIGN (0x4)
                [!provide]                        PROVIDE (__load_start_ewram8, LOADADDR (.ewram8))
                [!provide]                        PROVIDE (__load_stop_ewram8, (LOADADDR (.ewram8) + SIZEOF (.ewram8)))

.ewram9         0x000000000200a5f8        0x0
 *(.ewram9)
                0x000000000200a5f8                . = ALIGN (0x4)
                [!provide]                        PROVIDE (__load_start_ewram9, LOADADDR (.ewram9))
                [!provide]                        PROVIDE (__load_stop_ewram9, (LOADADDR (.ewram9) + SIZEOF (.ewram9)))
                0x000000000200a5f8                __ewram_overlay_end = ABSOLUTE (.)
                0x000000000200a5f8                __eheap_start = __ewram_overlay_end
                0x000000000200a5f8                _end = __ewram_overlay_end
                0x000000000200a5f8                __end__ = __ewram_overlay_end
                0x000000000200a5f8                __rom_end__ = __ewram_overlay_end

.stab
 *(.stab)

.stabstr
 *(.stabstr)

.stab.excl
 *(.stab.excl)

.stab.exclstr
 *(.stab.exclstr)

.stab.index
 *(.stab.index)

.stab.indexstr
 *(.stab.indexstr)

.comment        0x0000000000000000       0x22
 *(.comment)
 .comment       0x0000000000000000       0x22 /opt/devkitpro/devkitARM/lib/gcc/arm-none-eabi/6.3.0/thumb/crtbegin.o
                                         0x23 (size before relaxing)
 .comment       0x0000000000000022       0x23 player.o
 .comment       0x0000000000000022       0x23 text.o
 .comment       0x0000000000000022       0x23 drawing.o
 .comment       0x0000000000000022       0x23 game.o
 .comment       0x0000000000000022       0x23 menu.o
 .comment       0x0000000000000022       0x23 main.o
 .comment       0x0000000000000022       0x23 ball.o
 .comment       0x0000000000000022       0x23 sound.o
 .comment       0x0000000000000022       0x23 paddle.o
 .comment       0x0000000000000022       0x23 /opt/devkitpro/devkitARM/lib/gcc/arm-none-eabi/6.3.0/../../../../arm-none-eabi/lib/thumb/libg.a(lib_a-init.o)
 .comment       0x0000000000000022       0x23 /opt/devkitpro/devkitARM/lib/gcc/arm-none-eabi/6.3.0/../../../../arm-none-eabi/lib/thumb/libg.a(lib_a-memcpy-stub.o)
 .comment       0x0000000000000022       0x23 /opt/devkitpro/devkitARM/lib/gcc/arm-none-eabi/6.3.0/../../../../arm-none-eabi/lib/thumb/libg.a(lib_a-rand.o)
 .comment       0x0000000000000022       0x23 /opt/devkitpro/devkitARM/lib/gcc/arm-none-eabi/6.3.0/../../../../arm-none-eabi/lib/thumb/libg.a(lib_a-sprintf.o)
 .comment       0x0000000000000022       0x23 /opt/devkitpro/devkitARM/lib/gcc/arm-none-eabi/6.3.0/../../../../arm-none-eabi/lib/thumb/libg.a(lib_a-svfprintf.o)
 .comment       0x0000000000000022       0x23 /opt/devkitpro/devkitARM/lib/gcc/arm-none-eabi/6.3.0/../../../../arm-none-eabi/lib/thumb/libg.a(lib_a-time.o)
 .comment       0x0000000000000022       0x23 /opt/devkitpro/devkitARM/lib/gcc/arm-none-eabi/6.3.0/../../../../arm-none-eabi/lib/thumb/libg.a(lib_a-wcrtomb.o)
 .comment       0x0000000000000022       0x23 /opt/devkitpro/devkitARM/lib/gcc/arm-none-eabi/6.3.0/../../../../arm-none-eabi/lib/thumb/libg.a(lib_a-wcsrtombs.o)
 .comment       0x0000000000000022       0x23 /opt/devkitpro/devkitARM/lib/gcc/arm-none-eabi/6.3.0/../../../../arm-none-eabi/lib/thumb/libg.a(lib_a-dtoa.o)
 .comment       0x0000000000000022       0x23 /opt/devkitpro/devkitARM/lib/gcc/arm-none-eabi/6.3.0/../../../../arm-none-eabi/lib/thumb/libg.a(lib_a-freer.o)
 .comment       0x0000000000000022       0x23 /opt/devkitpro/devkitARM/lib/gcc/arm-none-eabi/6.3.0/../../../../arm-none-eabi/lib/thumb/libg.a(lib_a-localeconv.o)
 .comment       0x0000000000000022       0x23 /opt/devkitpro/devkitARM/lib/gcc/arm-none-eabi/6.3.0/../../../../arm-none-eabi/lib/thumb/libg.a(lib_a-locale.o)
 .comment       0x0000000000000022       0x23 /opt/devkitpro/devkitARM/lib/gcc/arm-none-eabi/6.3.0/../../../../arm-none-eabi/lib/thumb/libg.a(lib_a-mallocr.o)
 .comment       0x0000000000000022       0x23 /opt/devkitpro/devkitARM/lib/gcc/arm-none-eabi/6.3.0/../../../../arm-none-eabi/lib/thumb/libg.a(lib_a-mbtowc_r.o)
 .comment       0x0000000000000022       0x23 /opt/devkitpro/devkitARM/lib/gcc/arm-none-eabi/6.3.0/../../../../arm-none-eabi/lib/thumb/libg.a(lib_a-memchr-stub.o)
 .comment       0x0000000000000022       0x23 /opt/devkitpro/devkitARM/lib/gcc/arm-none-eabi/6.3.0/../../../../arm-none-eabi/lib/thumb/libg.a(lib_a-memset.o)
 .comment       0x0000000000000022       0x23 /opt/devkitpro/devkitARM/lib/gcc/arm-none-eabi/6.3.0/../../../../arm-none-eabi/lib/thumb/libg.a(lib_a-mlock.o)
 .comment       0x0000000000000022       0x23 /opt/devkitpro/devkitARM/lib/gcc/arm-none-eabi/6.3.0/../../../../arm-none-eabi/lib/thumb/libg.a(lib_a-mprec.o)
 .comment       0x0000000000000022       0x23 /opt/devkitpro/devkitARM/lib/gcc/arm-none-eabi/6.3.0/../../../../arm-none-eabi/lib/thumb/libg.a(lib_a-s_frexp.o)
 .comment       0x0000000000000022       0x23 /opt/devkitpro/devkitARM/lib/gcc/arm-none-eabi/6.3.0/../../../../arm-none-eabi/lib/thumb/libg.a(lib_a-strlen-stub.o)
 .comment       0x0000000000000022       0x23 /opt/devkitpro/devkitARM/lib/gcc/arm-none-eabi/6.3.0/../../../../arm-none-eabi/lib/thumb/libg.a(lib_a-strncpy.o)
 .comment       0x0000000000000022       0x23 /opt/devkitpro/devkitARM/lib/gcc/arm-none-eabi/6.3.0/../../../../arm-none-eabi/lib/thumb/libg.a(lib_a-svfiprintf.o)
 .comment       0x0000000000000022       0x23 /opt/devkitpro/devkitARM/lib/gcc/arm-none-eabi/6.3.0/../../../../arm-none-eabi/lib/thumb/libg.a(lib_a-wcsnrtombs.o)
 .comment       0x0000000000000022       0x23 /opt/devkitpro/devkitARM/lib/gcc/arm-none-eabi/6.3.0/../../../../arm-none-eabi/lib/thumb/libg.a(lib_a-wctomb_r.o)
 .comment       0x0000000000000022       0x23 /opt/devkitpro/devkitARM/lib/gcc/arm-none-eabi/6.3.0/../../../../arm-none-eabi/lib/thumb/libg.a(lib_a-callocr.o)
 .comment       0x0000000000000022       0x23 /opt/devkitpro/devkitARM/lib/gcc/arm-none-eabi/6.3.0/../../../../arm-none-eabi/lib/thumb/libg.a(lib_a-ctype_.o)
 .comment       0x0000000000000022       0x23 /opt/devkitpro/devkitARM/lib/gcc/arm-none-eabi/6.3.0/../../../../arm-none-eabi/lib/thumb/libg.a(lib_a-memmove.o)
 .comment       0x0000000000000022       0x23 /opt/devkitpro/devkitARM/lib/gcc/arm-none-eabi/6.3.0/../../../../arm-none-eabi/lib/thumb/libg.a(lib_a-reallocr.o)
 .comment       0x0000000000000022       0x23 /opt/devkitpro/devkitARM/lib/gcc/arm-none-eabi/6.3.0/../../../../arm-none-eabi/lib/thumb/libsysbase.a(gettod.o)
 .comment       0x0000000000000022       0x23 /opt/devkitpro/devkitARM/lib/gcc/arm-none-eabi/6.3.0/../../../../arm-none-eabi/lib/thumb/libsysbase.a(sbrk.o)
 .comment       0x0000000000000022       0x23 /opt/devkitpro/devkitARM/lib/gcc/arm-none-eabi/6.3.0/../../../../arm-none-eabi/lib/thumb/libsysbase.a(malloc_vars.o)
 .comment       0x0000000000000022       0x23 /opt/devkitpro/devkitARM/lib/gcc/arm-none-eabi/6.3.0/../../../../arm-none-eabi/lib/thumb/libsysbase.a(syscall_support.o)
 .comment       0x0000000000000022       0x23 /opt/devkitpro/devkitARM/lib/gcc/arm-none-eabi/6.3.0/../../../../arm-none-eabi/lib/thumb/libsysbase.a(getreent.o)
 .comment       0x0000000000000022       0x23 /opt/devkitpro/devkitARM/lib/gcc/arm-none-eabi/6.3.0/thumb/libgcc.a(_muldi3.o)
 .comment       0x0000000000000022       0x23 /opt/devkitpro/devkitARM/lib/gcc/arm-none-eabi/6.3.0/thumb/libgcc.a(_udivmoddi4.o)
 .comment       0x0000000000000022       0x23 /opt/devkitpro/devkitARM/lib/gcc/arm-none-eabi/6.3.0/../../../../arm-none-eabi/lib/thumb/libg.a(lib_a-impure.o)
 .comment       0x0000000000000022       0x23 /opt/devkitpro/devkitARM/lib/gcc/arm-none-eabi/6.3.0/thumb/crtend.o

.ARM.attributes
                0x0000000000000000       0x2c
 .ARM.attributes
                0x0000000000000000       0x20 /opt/devkitpro/devkitARM/lib/gcc/arm-none-eabi/6.3.0/../../../../arm-none-eabi/lib/thumb/gba_crt0.o
 .ARM.attributes
                0x0000000000000020       0x16 /opt/devkitpro/devkitARM/lib/gcc/arm-none-eabi/6.3.0/thumb/crti.o
 .ARM.attributes
                0x0000000000000036       0x30 /opt/devkitpro/devkitARM/lib/gcc/arm-none-eabi/6.3.0/thumb/crtbegin.o
 .ARM.attributes
                0x0000000000000066       0x2c player.o
 .ARM.attributes
                0x0000000000000092       0x2c text.o
 .ARM.attributes
                0x00000000000000be       0x2c drawing.o
 .ARM.attributes
                0x00000000000000ea       0x2c game.o
 .ARM.attributes
                0x0000000000000116       0x2c menu.o
 .ARM.attributes
                0x0000000000000142       0x2c main.o
 .ARM.attributes
                0x000000000000016e       0x2c ball.o
 .ARM.attributes
                0x000000000000019a       0x2c sound.o
 .ARM.attributes
                0x00000000000001c6       0x2c paddle.o
 .ARM.attributes
                0x00000000000001f2       0x30 /opt/devkitpro/devkitARM/lib/gcc/arm-none-eabi/6.3.0/../../../../arm-none-eabi/lib/thumb/libg.a(lib_a-init.o)
 .ARM.attributes
                0x0000000000000222       0x30 /opt/devkitpro/devkitARM/lib/gcc/arm-none-eabi/6.3.0/../../../../arm-none-eabi/lib/thumb/libg.a(lib_a-memcpy-stub.o)
 .ARM.attributes
                0x0000000000000252       0x30 /opt/devkitpro/devkitARM/lib/gcc/arm-none-eabi/6.3.0/../../../../arm-none-eabi/lib/thumb/libg.a(lib_a-rand.o)
 .ARM.attributes
                0x0000000000000282       0x30 /opt/devkitpro/devkitARM/lib/gcc/arm-none-eabi/6.3.0/../../../../arm-none-eabi/lib/thumb/libg.a(lib_a-sprintf.o)
 .ARM.attributes
                0x00000000000002b2       0x30 /opt/devkitpro/devkitARM/lib/gcc/arm-none-eabi/6.3.0/../../../../arm-none-eabi/lib/thumb/libg.a(lib_a-svfprintf.o)
 .ARM.attributes
                0x00000000000002e2       0x30 /opt/devkitpro/devkitARM/lib/gcc/arm-none-eabi/6.3.0/../../../../arm-none-eabi/lib/thumb/libg.a(lib_a-time.o)
 .ARM.attributes
                0x0000000000000312       0x30 /opt/devkitpro/devkitARM/lib/gcc/arm-none-eabi/6.3.0/../../../../arm-none-eabi/lib/thumb/libg.a(lib_a-wcrtomb.o)
 .ARM.attributes
                0x0000000000000342       0x30 /opt/devkitpro/devkitARM/lib/gcc/arm-none-eabi/6.3.0/../../../../arm-none-eabi/lib/thumb/libg.a(lib_a-wcsrtombs.o)
 .ARM.attributes
                0x0000000000000372       0x30 /opt/devkitpro/devkitARM/lib/gcc/arm-none-eabi/6.3.0/../../../../arm-none-eabi/lib/thumb/libg.a(lib_a-dtoa.o)
 .ARM.attributes
                0x00000000000003a2       0x30 /opt/devkitpro/devkitARM/lib/gcc/arm-none-eabi/6.3.0/../../../../arm-none-eabi/lib/thumb/libg.a(lib_a-freer.o)
 .ARM.attributes
                0x00000000000003d2       0x30 /opt/devkitpro/devkitARM/lib/gcc/arm-none-eabi/6.3.0/../../../../arm-none-eabi/lib/thumb/libg.a(lib_a-localeconv.o)
 .ARM.attributes
                0x0000000000000402       0x30 /opt/devkitpro/devkitARM/lib/gcc/arm-none-eabi/6.3.0/../../../../arm-none-eabi/lib/thumb/libg.a(lib_a-locale.o)
 .ARM.attributes
                0x0000000000000432       0x30 /opt/devkitpro/devkitARM/lib/gcc/arm-none-eabi/6.3.0/../../../../arm-none-eabi/lib/thumb/libg.a(lib_a-mallocr.o)
 .ARM.attributes
                0x0000000000000462       0x30 /opt/devkitpro/devkitARM/lib/gcc/arm-none-eabi/6.3.0/../../../../arm-none-eabi/lib/thumb/libg.a(lib_a-mbtowc_r.o)
 .ARM.attributes
                0x0000000000000492       0x30 /opt/devkitpro/devkitARM/lib/gcc/arm-none-eabi/6.3.0/../../../../arm-none-eabi/lib/thumb/libg.a(lib_a-memchr-stub.o)
 .ARM.attributes
                0x00000000000004c2       0x30 /opt/devkitpro/devkitARM/lib/gcc/arm-none-eabi/6.3.0/../../../../arm-none-eabi/lib/thumb/libg.a(lib_a-memset.o)
 .ARM.attributes
                0x00000000000004f2       0x30 /opt/devkitpro/devkitARM/lib/gcc/arm-none-eabi/6.3.0/../../../../arm-none-eabi/lib/thumb/libg.a(lib_a-mlock.o)
 .ARM.attributes
                0x0000000000000522       0x30 /opt/devkitpro/devkitARM/lib/gcc/arm-none-eabi/6.3.0/../../../../arm-none-eabi/lib/thumb/libg.a(lib_a-mprec.o)
 .ARM.attributes
                0x0000000000000552       0x30 /opt/devkitpro/devkitARM/lib/gcc/arm-none-eabi/6.3.0/../../../../arm-none-eabi/lib/thumb/libg.a(lib_a-s_frexp.o)
 .ARM.attributes
                0x0000000000000582       0x30 /opt/devkitpro/devkitARM/lib/gcc/arm-none-eabi/6.3.0/../../../../arm-none-eabi/lib/thumb/libg.a(lib_a-strlen-stub.o)
 .ARM.attributes
                0x00000000000005b2       0x30 /opt/devkitpro/devkitARM/lib/gcc/arm-none-eabi/6.3.0/../../../../arm-none-eabi/lib/thumb/libg.a(lib_a-strncpy.o)
 .ARM.attributes
                0x00000000000005e2       0x30 /opt/devkitpro/devkitARM/lib/gcc/arm-none-eabi/6.3.0/../../../../arm-none-eabi/lib/thumb/libg.a(lib_a-svfiprintf.o)
 .ARM.attributes
                0x0000000000000612       0x30 /opt/devkitpro/devkitARM/lib/gcc/arm-none-eabi/6.3.0/../../../../arm-none-eabi/lib/thumb/libg.a(lib_a-wcsnrtombs.o)
 .ARM.attributes
                0x0000000000000642       0x30 /opt/devkitpro/devkitARM/lib/gcc/arm-none-eabi/6.3.0/../../../../arm-none-eabi/lib/thumb/libg.a(lib_a-wctomb_r.o)
 .ARM.attributes
                0x0000000000000672       0x30 /opt/devkitpro/devkitARM/lib/gcc/arm-none-eabi/6.3.0/../../../../arm-none-eabi/lib/thumb/libg.a(lib_a-callocr.o)
 .ARM.attributes
                0x00000000000006a2       0x30 /opt/devkitpro/devkitARM/lib/gcc/arm-none-eabi/6.3.0/../../../../arm-none-eabi/lib/thumb/libg.a(lib_a-ctype_.o)
 .ARM.attributes
                0x00000000000006d2       0x30 /opt/devkitpro/devkitARM/lib/gcc/arm-none-eabi/6.3.0/../../../../arm-none-eabi/lib/thumb/libg.a(lib_a-memmove.o)
 .ARM.attributes
                0x0000000000000702       0x30 /opt/devkitpro/devkitARM/lib/gcc/arm-none-eabi/6.3.0/../../../../arm-none-eabi/lib/thumb/libg.a(lib_a-reallocr.o)
 .ARM.attributes
                0x0000000000000732       0x30 /opt/devkitpro/devkitARM/lib/gcc/arm-none-eabi/6.3.0/../../../../arm-none-eabi/lib/thumb/libsysbase.a(gettod.o)
 .ARM.attributes
                0x0000000000000762       0x30 /opt/devkitpro/devkitARM/lib/gcc/arm-none-eabi/6.3.0/../../../../arm-none-eabi/lib/thumb/libsysbase.a(sbrk.o)
 .ARM.attributes
                0x0000000000000792       0x30 /opt/devkitpro/devkitARM/lib/gcc/arm-none-eabi/6.3.0/../../../../arm-none-eabi/lib/thumb/libsysbase.a(malloc_vars.o)
 .ARM.attributes
                0x00000000000007c2       0x30 /opt/devkitpro/devkitARM/lib/gcc/arm-none-eabi/6.3.0/../../../../arm-none-eabi/lib/thumb/libsysbase.a(syscall_support.o)
 .ARM.attributes
                0x00000000000007f2       0x30 /opt/devkitpro/devkitARM/lib/gcc/arm-none-eabi/6.3.0/../../../../arm-none-eabi/lib/thumb/libsysbase.a(getreent.o)
 .ARM.attributes
                0x0000000000000822       0x18 /opt/devkitpro/devkitARM/lib/gcc/arm-none-eabi/6.3.0/thumb/libgcc.a(_udivsi3.o)
 .ARM.attributes
                0x000000000000083a       0x18 /opt/devkitpro/devkitARM/lib/gcc/arm-none-eabi/6.3.0/thumb/libgcc.a(_divsi3.o)
 .ARM.attributes
                0x0000000000000852       0x16 /opt/devkitpro/devkitARM/lib/gcc/arm-none-eabi/6.3.0/thumb/libgcc.a(_dvmd_tls.o)
 .ARM.attributes
                0x0000000000000868       0x18 /opt/devkitpro/devkitARM/lib/gcc/arm-none-eabi/6.3.0/thumb/libgcc.a(_arm_addsubdf3.o)
 .ARM.attributes
                0x0000000000000880       0x18 /opt/devkitpro/devkitARM/lib/gcc/arm-none-eabi/6.3.0/thumb/libgcc.a(_arm_muldivdf3.o)
 .ARM.attributes
                0x0000000000000898       0x18 /opt/devkitpro/devkitARM/lib/gcc/arm-none-eabi/6.3.0/thumb/libgcc.a(_arm_cmpdf2.o)
 .ARM.attributes
                0x00000000000008b0       0x18 /opt/devkitpro/devkitARM/lib/gcc/arm-none-eabi/6.3.0/thumb/libgcc.a(_arm_unorddf2.o)
 .ARM.attributes
                0x00000000000008c8       0x18 /opt/devkitpro/devkitARM/lib/gcc/arm-none-eabi/6.3.0/thumb/libgcc.a(_arm_fixdfsi.o)
 .ARM.attributes
                0x00000000000008e0       0x18 /opt/devkitpro/devkitARM/lib/gcc/arm-none-eabi/6.3.0/thumb/libgcc.a(_aeabi_uldivmod.o)
 .ARM.attributes
                0x00000000000008f8       0x30 /opt/devkitpro/devkitARM/lib/gcc/arm-none-eabi/6.3.0/thumb/libgcc.a(_muldi3.o)
 .ARM.attributes
                0x0000000000000928       0x30 /opt/devkitpro/devkitARM/lib/gcc/arm-none-eabi/6.3.0/thumb/libgcc.a(_udivmoddi4.o)
 .ARM.attributes
                0x0000000000000958       0x18 /opt/devkitpro/devkitARM/lib/gcc/arm-none-eabi/6.3.0/thumb/libgcc.a(_clzdi2.o)
 .ARM.attributes
                0x0000000000000970       0x18 /opt/devkitpro/devkitARM/lib/gcc/arm-none-eabi/6.3.0/thumb/libgcc.a(_clzsi2.o)
 .ARM.attributes
                0x0000000000000988       0x30 /opt/devkitpro/devkitARM/lib/gcc/arm-none-eabi/6.3.0/../../../../arm-none-eabi/lib/thumb/libg.a(lib_a-impure.o)
 .ARM.attributes
                0x00000000000009b8       0x30 /opt/devkitpro/devkitARM/lib/gcc/arm-none-eabi/6.3.0/thumb/crtend.o
 .ARM.attributes
                0x00000000000009e8       0x16 /opt/devkitpro/devkitARM/lib/gcc/arm-none-eabi/6.3.0/thumb/crtn.o

.debug
 *(.debug)

.line
 *(.line)

.debug_srcinfo
 *(.debug_srcinfo)

.debug_sfnames
 *(.debug_sfnames)

.debug_aranges  0x0000000000000000      0x120
 *(.debug_aranges)
 .debug_aranges
                0x0000000000000000       0x20 player.o
 .debug_aranges
                0x0000000000000020       0x20 text.o
 .debug_aranges
                0x0000000000000040       0x20 drawing.o
 .debug_aranges
                0x0000000000000060       0x20 game.o
 .debug_aranges
                0x0000000000000080       0x20 menu.o
 .debug_aranges
                0x00000000000000a0       0x20 main.o
 .debug_aranges
                0x00000000000000c0       0x20 ball.o
 .debug_aranges
                0x00000000000000e0       0x20 sound.o
 .debug_aranges
                0x0000000000000100       0x20 paddle.o

.debug_pubnames
 *(.debug_pubnames)

.debug_info     0x0000000000000000     0x293b
 *(.debug_info)
 .debug_info    0x0000000000000000      0x1a3 player.o
 .debug_info    0x00000000000001a3      0x158 text.o
 .debug_info    0x00000000000002fb       0xc6 drawing.o
 .debug_info    0x00000000000003c1      0xe88 game.o
 .debug_info    0x0000000000001249      0x47d menu.o
 .debug_info    0x00000000000016c6      0x168 main.o
 .debug_info    0x000000000000182e      0x3e5 ball.o
 .debug_info    0x0000000000001c13       0xab sound.o
 .debug_info    0x0000000000001cbe      0xc7d paddle.o

.debug_abbrev   0x0000000000000000      0xc75
 *(.debug_abbrev)
 .debug_abbrev  0x0000000000000000       0xf6 player.o
 .debug_abbrev  0x00000000000000f6       0xd2 text.o
 .debug_abbrev  0x00000000000001c8       0x8c drawing.o
 .debug_abbrev  0x0000000000000254      0x261 game.o
 .debug_abbrev  0x00000000000004b5      0x216 menu.o
 .debug_abbrev  0x00000000000006cb       0xd2 main.o
 .debug_abbrev  0x000000000000079d      0x177 ball.o
 .debug_abbrev  0x0000000000000914       0x89 sound.o
 .debug_abbrev  0x000000000000099d      0x2d8 paddle.o

.debug_line     0x0000000000000000      0x8a2
 *(.debug_line)
 .debug_line    0x0000000000000000       0x7b player.o
 .debug_line    0x000000000000007b       0x97 text.o
 .debug_line    0x0000000000000112       0x7d drawing.o
 .debug_line    0x000000000000018f      0x248 game.o
 .debug_line    0x00000000000003d7       0xf4 menu.o
 .debug_line    0x00000000000004cb       0xab main.o
 .debug_line    0x0000000000000576       0xc5 ball.o
 .debug_line    0x000000000000063b       0x79 sound.o
 .debug_line    0x00000000000006b4      0x1ee paddle.o

.debug_frame    0x0000000000000000      0x3a0
 *(.debug_frame)
 .debug_frame   0x0000000000000000       0x44 player.o
 .debug_frame   0x0000000000000044       0x38 text.o
 .debug_frame   0x000000000000007c       0x2c drawing.o
 .debug_frame   0x00000000000000a8      0x118 game.o
 .debug_frame   0x00000000000001c0       0x7c menu.o
 .debug_frame   0x000000000000023c       0x30 main.o
 .debug_frame   0x000000000000026c       0x9c ball.o
 .debug_frame   0x0000000000000308       0x20 sound.o
 .debug_frame   0x0000000000000328       0x78 paddle.o

.debug_str      0x0000000000000000      0x9d4
 *(.debug_str)
 .debug_str     0x0000000000000000      0x124 player.o
                                        0x132 (size before relaxing)
 .debug_str     0x0000000000000124       0x71 text.o
                                        0x113 (size before relaxing)
 .debug_str     0x0000000000000195       0x42 drawing.o
                                         0xd8 (size before relaxing)
 .debug_str     0x00000000000001d7      0x1d7 game.o
                                        0x320 (size before relaxing)
 .debug_str     0x00000000000003ae       0xa1 menu.o
                                        0x1aa (size before relaxing)
 .debug_str     0x000000000000044f       0x40 main.o
                                        0x12c (size before relaxing)
 .debug_str     0x000000000000048f       0x4e ball.o
                                        0x175 (size before relaxing)
 .debug_str     0x00000000000004dd       0x3d sound.o
                                        0x104 (size before relaxing)
 .debug_str     0x000000000000051a      0x4ba paddle.o
                                        0x669 (size before relaxing)

.debug_loc      0x0000000000000000      0x7cb
 *(.debug_loc)
 .debug_loc     0x0000000000000000       0xbc player.o
 .debug_loc     0x00000000000000bc      0x11f text.o
 .debug_loc     0x00000000000001db       0xe8 drawing.o
 .debug_loc     0x00000000000002c3      0x13b game.o
 .debug_loc     0x00000000000003fe      0x104 menu.o
 .debug_loc     0x0000000000000502      0x116 ball.o
 .debug_loc     0x0000000000000618      0x1b3 paddle.o

.debug_macinfo
 *(.debug_macinfo)

.debug_weaknames
 *(.debug_weaknames)

.debug_funcnames
 *(.debug_funcnames)

.debug_typenames
 *(.debug_typenames)

.debug_varnames
 *(.debug_varnames)

.stack          0x0000000000080000        0x0
                0x0000000000080000                _stack = .
 *(.stack)
LOAD /opt/devkitpro/devkitARM/lib/gcc/arm-none-eabi/6.3.0/../../../../arm-none-eabi/lib/thumb/gba_crt0.o
LOAD /opt/devkitpro/devkitARM/lib/gcc/arm-none-eabi/6.3.0/thumb/crti.o
LOAD /opt/devkitpro/devkitARM/lib/gcc/arm-none-eabi/6.3.0/thumb/crtbegin.o
LOAD player.o
LOAD text.o
LOAD drawing.o
LOAD game.o
LOAD menu.o
LOAD main.o
LOAD ball.o
LOAD sound.o
LOAD input.o
LOAD paddle.o
LOAD /opt/devkitpro//libgba/lib/libgba.a
START GROUP
LOAD /opt/devkitpro/devkitARM/lib/gcc/arm-none-eabi/6.3.0/thumb/libgcc.a
LOAD /opt/devkitpro/devkitARM/lib/gcc/arm-none-eabi/6.3.0/../../../../arm-none-eabi/lib/thumb/libg.a
LOAD /opt/devkitpro/devkitARM/lib/gcc/arm-none-eabi/6.3.0/../../../../arm-none-eabi/lib/thumb/libc.a
LOAD /opt/devkitpro/devkitARM/lib/gcc/arm-none-eabi/6.3.0/../../../../arm-none-eabi/lib/thumb/libsysbase.a
END GROUP
LOAD /opt/devkitpro/devkitARM/lib/gcc/arm-none-eabi/6.3.0/thumb/crtend.o
LOAD /opt/devkitpro/devkitARM/lib/gcc/arm-none-eabi/6.3.0/thumb/crtn.o
OUTPUT(/opt/devkitpro/examples/GBAPong/GBAPong_mb.elf elf32-littlearm)

.debug_ranges   0x0000000000000000      0x350
 .debug_ranges  0x0000000000000000       0x58 text.o
 .debug_ranges  0x0000000000000058       0x18 drawing.o
 .debug_ranges  0x0000000000000070      0x238 game.o
 .debug_ranges  0x00000000000002a8       0x18 menu.o
 .debug_ranges  0x00000000000002c0       0x48 main.o
 .debug_ranges  0x0000000000000308       0x48 paddle.o
